// Jest Snapshot v1, https://goo.gl/fbAQLP

exports[`RedScreen component test Renders correctly (take snapshot) 1`] = `
<View
  style={
    Object {
      "backgroundColor": "red",
      "height": 200,
    }
  }
/>
`;
